INFO 09-15 16:38:15 [__init__.py:216] Automatically detected platform cuda.
/home/esjung/.venvs/llada2-flash-sglang-053/lib/python3.11/site-packages/sglang/srt/environ.py:224: UserWarning: Environment variable SGL_ENABLE_JIT_DEEPGEMM is deprecated, please use SGLANG_ENABLE_JIT_DEEPGEMM
  warnings.warn(
WARNING:sglang.srt.layers.moe.utils:MOE_RUNNER_BACKEND is not initialized, the backend will be automatically selected
Namespace(model_name='/home/esjung/models/LLaDA2.0-flash-744c3f8', dataset='poc_llada2_flash_ep/data/bounded_eval_32/gsm8k_32.json', gpu='0,1,2,3', batch_size=32, gen_len=128, prefix_look=0, after_look=0, block_length=32, threshold=0.9, warmup_times=0, low_threshold=0.3, cont_weight=0, parallel_decoding='threshold', use_credit=False, exp_name='gsm32_t090_r1', cache='prefix', use_tp=False, output_dir='/home/esjung/MLLM-EP-adaptive-budget/poc_ep_adaptive_budget/results/gsm32_t090_r1/benchmark', use_shift=False, use_bd=True, model_type='flash', ep_size=4, moe_a2a_backend='deepep', deepep_mode='normal', enable_cuda_graph=False, mini_batch_size=32, use_quant=False, prefilling_limit=128, init_only=False, config=0, use_naive_batching=False, port='41311')
INFO 09-15 16:38:23 [__init__.py:216] Automatically detected platform cuda.
INFO 09-15 16:38:24 [__init__.py:216] Automatically detected platform cuda.
INFO 09-15 16:38:24 [__init__.py:216] Automatically detected platform cuda.
INFO 09-15 16:38:24 [__init__.py:216] Automatically detected platform cuda.
/home/esjung/.venvs/llada2-flash-sglang-053/lib/python3.11/site-packages/sglang/srt/environ.py:224: UserWarning: Environment variable SGL_ENABLE_JIT_DEEPGEMM is deprecated, please use SGLANG_ENABLE_JIT_DEEPGEMM
  warnings.warn(
WARNING:sglang.srt.layers.moe.utils:MOE_RUNNER_BACKEND is not initialized, the backend will be automatically selected
/home/esjung/.venvs/llada2-flash-sglang-053/lib/python3.11/site-packages/sglang/srt/environ.py:224: UserWarning: Environment variable SGL_ENABLE_JIT_DEEPGEMM is deprecated, please use SGLANG_ENABLE_JIT_DEEPGEMM
  warnings.warn(
WARNING:sglang.srt.layers.moe.utils:MOE_RUNNER_BACKEND is not initialized, the backend will be automatically selected
/home/esjung/.venvs/llada2-flash-sglang-053/lib/python3.11/site-packages/sglang/srt/environ.py:224: UserWarning: Environment variable SGL_ENABLE_JIT_DEEPGEMM is deprecated, please use SGLANG_ENABLE_JIT_DEEPGEMM
  warnings.warn(
WARNING:sglang.srt.layers.moe.utils:MOE_RUNNER_BACKEND is not initialized, the backend will be automatically selected
Process Process-4:
Traceback (most recent call last):
  File "/home/esjung/anaconda3/envs/dinfer-ep-poc/lib/python3.11/multiprocessing/process.py", line 314, in _bootstrap
    self.run()
  File "/home/esjung/anaconda3/envs/dinfer-ep-poc/lib/python3.11/multiprocessing/process.py", line 108, in run
    self._target(*self._args, **self._kwargs)
  File "/home/esjung/anaconda3/envs/dinfer-ep-poc/lib/python3.11/site-packages/torch/utils/_contextlib.py", line 120, in decorate_context
    return func(*args, **kwargs)
           ^^^^^^^^^^^^^^^^^^^^^
  File "/home/esjung/external/dinfer-llada2-flash-poc/benchmarks/benchmark_dataset_sglang.py", line 100, in main
    all_input_ids, prompts, questions, ids = load_inputs(args.dataset, tokenizer)
                                             ^^^^^^^^^^^^^^^^^^^^^^^^^^^^^^^^^^^^
  File "/home/esjung/external/dinfer-llada2-flash-poc/benchmarks/benchmark_dataset_sglang.py", line 35, in load_inputs
    with open(dataset, 'r') as f:
         ^^^^^^^^^^^^^^^^^^
FileNotFoundError: [Errno 2] No such file or directory: 'poc_llada2_flash_ep/data/bounded_eval_32/gsm8k_32.json'
started 4 3 3 Namespace(model_name='/home/esjung/models/LLaDA2.0-flash-744c3f8', dataset='poc_llada2_flash_ep/data/bounded_eval_32/gsm8k_32.json', gpu='0,1,2,3', batch_size=32, gen_len=128, prefix_look=0, after_look=0, block_length=32, threshold=0.9, warmup_times=0, low_threshold=0.3, cont_weight=0, parallel_decoding='threshold', use_credit=False, exp_name='gsm32_t090_r1', cache='prefix', use_tp=True, output_dir='/home/esjung/MLLM-EP-adaptive-budget/poc_ep_adaptive_budget/results/gsm32_t090_r1/benchmark', use_shift=False, use_bd=True, model_type='flash', ep_size=4, moe_a2a_backend='deepep', deepep_mode='normal', enable_cuda_graph=False, mini_batch_size=32, use_quant=False, prefilling_limit=128, init_only=False, config=0, use_naive_batching=False, port='41311', tp_size=4, port_offset=0)
/home/esjung/.venvs/llada2-flash-sglang-053/lib/python3.11/site-packages/sglang/srt/environ.py:224: UserWarning: Environment variable SGL_ENABLE_JIT_DEEPGEMM is deprecated, please use SGLANG_ENABLE_JIT_DEEPGEMM
  warnings.warn(
WARNING:sglang.srt.layers.moe.utils:MOE_RUNNER_BACKEND is not initialized, the backend will be automatically selected
Process Process-3:
Traceback (most recent call last):
  File "/home/esjung/anaconda3/envs/dinfer-ep-poc/lib/python3.11/multiprocessing/process.py", line 314, in _bootstrap
    self.run()
  File "/home/esjung/anaconda3/envs/dinfer-ep-poc/lib/python3.11/multiprocessing/process.py", line 108, in run
    self._target(*self._args, **self._kwargs)
  File "/home/esjung/anaconda3/envs/dinfer-ep-poc/lib/python3.11/site-packages/torch/utils/_contextlib.py", line 120, in decorate_context
    return func(*args, **kwargs)
           ^^^^^^^^^^^^^^^^^^^^^
  File "/home/esjung/external/dinfer-llada2-flash-poc/benchmarks/benchmark_dataset_sglang.py", line 100, in main
    all_input_ids, prompts, questions, ids = load_inputs(args.dataset, tokenizer)
                                             ^^^^^^^^^^^^^^^^^^^^^^^^^^^^^^^^^^^^
  File "/home/esjung/external/dinfer-llada2-flash-poc/benchmarks/benchmark_dataset_sglang.py", line 35, in load_inputs
    with open(dataset, 'r') as f:
         ^^^^^^^^^^^^^^^^^^
FileNotFoundError: [Errno 2] No such file or directory: 'poc_llada2_flash_ep/data/bounded_eval_32/gsm8k_32.json'
started 4 2 2 Namespace(model_name='/home/esjung/models/LLaDA2.0-flash-744c3f8', dataset='poc_llada2_flash_ep/data/bounded_eval_32/gsm8k_32.json', gpu='0,1,2,3', batch_size=32, gen_len=128, prefix_look=0, after_look=0, block_length=32, threshold=0.9, warmup_times=0, low_threshold=0.3, cont_weight=0, parallel_decoding='threshold', use_credit=False, exp_name='gsm32_t090_r1', cache='prefix', use_tp=True, output_dir='/home/esjung/MLLM-EP-adaptive-budget/poc_ep_adaptive_budget/results/gsm32_t090_r1/benchmark', use_shift=False, use_bd=True, model_type='flash', ep_size=4, moe_a2a_backend='deepep', deepep_mode='normal', enable_cuda_graph=False, mini_batch_size=32, use_quant=False, prefilling_limit=128, init_only=False, config=0, use_naive_batching=False, port='41311', tp_size=4, port_offset=0)
Process Process-2:
Traceback (most recent call last):
  File "/home/esjung/anaconda3/envs/dinfer-ep-poc/lib/python3.11/multiprocessing/process.py", line 314, in _bootstrap
    self.run()
  File "/home/esjung/anaconda3/envs/dinfer-ep-poc/lib/python3.11/multiprocessing/process.py", line 108, in run
    self._target(*self._args, **self._kwargs)
  File "/home/esjung/anaconda3/envs/dinfer-ep-poc/lib/python3.11/site-packages/torch/utils/_contextlib.py", line 120, in decorate_context
    return func(*args, **kwargs)
           ^^^^^^^^^^^^^^^^^^^^^
  File "/home/esjung/external/dinfer-llada2-flash-poc/benchmarks/benchmark_dataset_sglang.py", line 100, in main
    all_input_ids, prompts, questions, ids = load_inputs(args.dataset, tokenizer)
                                             ^^^^^^^^^^^^^^^^^^^^^^^^^^^^^^^^^^^^
  File "/home/esjung/external/dinfer-llada2-flash-poc/benchmarks/benchmark_dataset_sglang.py", line 35, in load_inputs
    with open(dataset, 'r') as f:
         ^^^^^^^^^^^^^^^^^^
FileNotFoundError: [Errno 2] No such file or directory: 'poc_llada2_flash_ep/data/bounded_eval_32/gsm8k_32.json'
started 4 1 1 Namespace(model_name='/home/esjung/models/LLaDA2.0-flash-744c3f8', dataset='poc_llada2_flash_ep/data/bounded_eval_32/gsm8k_32.json', gpu='0,1,2,3', batch_size=32, gen_len=128, prefix_look=0, after_look=0, block_length=32, threshold=0.9, warmup_times=0, low_threshold=0.3, cont_weight=0, parallel_decoding='threshold', use_credit=False, exp_name='gsm32_t090_r1', cache='prefix', use_tp=True, output_dir='/home/esjung/MLLM-EP-adaptive-budget/poc_ep_adaptive_budget/results/gsm32_t090_r1/benchmark', use_shift=False, use_bd=True, model_type='flash', ep_size=4, moe_a2a_backend='deepep', deepep_mode='normal', enable_cuda_graph=False, mini_batch_size=32, use_quant=False, prefilling_limit=128, init_only=False, config=0, use_naive_batching=False, port='41311', tp_size=4, port_offset=0)
Process Process-1:
Traceback (most recent call last):
  File "/home/esjung/anaconda3/envs/dinfer-ep-poc/lib/python3.11/multiprocessing/process.py", line 314, in _bootstrap
    self.run()
  File "/home/esjung/anaconda3/envs/dinfer-ep-poc/lib/python3.11/multiprocessing/process.py", line 108, in run
    self._target(*self._args, **self._kwargs)
  File "/home/esjung/anaconda3/envs/dinfer-ep-poc/lib/python3.11/site-packages/torch/utils/_contextlib.py", line 120, in decorate_context
    return func(*args, **kwargs)
           ^^^^^^^^^^^^^^^^^^^^^
  File "/home/esjung/external/dinfer-llada2-flash-poc/benchmarks/benchmark_dataset_sglang.py", line 100, in main
    all_input_ids, prompts, questions, ids = load_inputs(args.dataset, tokenizer)
                                             ^^^^^^^^^^^^^^^^^^^^^^^^^^^^^^^^^^^^
  File "/home/esjung/external/dinfer-llada2-flash-poc/benchmarks/benchmark_dataset_sglang.py", line 35, in load_inputs
    with open(dataset, 'r') as f:
         ^^^^^^^^^^^^^^^^^^
FileNotFoundError: [Errno 2] No such file or directory: 'poc_llada2_flash_ep/data/bounded_eval_32/gsm8k_32.json'
started 4 0 0 Namespace(model_name='/home/esjung/models/LLaDA2.0-flash-744c3f8', dataset='poc_llada2_flash_ep/data/bounded_eval_32/gsm8k_32.json', gpu='0,1,2,3', batch_size=32, gen_len=128, prefix_look=0, after_look=0, block_length=32, threshold=0.9, warmup_times=0, low_threshold=0.3, cont_weight=0, parallel_decoding='threshold', use_credit=False, exp_name='gsm32_t090_r1', cache='prefix', use_tp=True, output_dir='/home/esjung/MLLM-EP-adaptive-budget/poc_ep_adaptive_budget/results/gsm32_t090_r1/benchmark', use_shift=False, use_bd=True, model_type='flash', ep_size=4, moe_a2a_backend='deepep', deepep_mode='normal', enable_cuda_graph=False, mini_batch_size=32, use_quant=False, prefilling_limit=128, init_only=False, config=0, use_naive_batching=False, port='41311', tp_size=4, port_offset=0)
